// Jest Snapshot v1, https://goo.gl/fbAQLP

exports[`get thumbnail image url 1`] = `"https://img.youtube.com/vi/123/hqdefault.jpg"`;
